Picked up JAVA_TOOL_OPTIONS: -Xmx256m -XX:CompressedClassSpaceSize=32m -XX:ReservedCodeCacheSize=32m -Xss512k -XX:ParallelGCThreads=1
TLC2 Version 2.19 of 08 August 2024 (rev: 5a47802)
Running breadth-first search Model-Checking with fp 45 and seed 1 with 1 worker on 4 cores with 228MB heap and 64MB offheap memory [pid: 27961] (Linux 6.18.39+rpt-rpi-v8 aarch64, Debian 21.0.10 x86_64, MSBDiskFPSet, DiskStateQueue).
Parsing file /home/nathan/Documents/coding/Pal/docs/reviews/state_machine_20261009/wide/tlc-fresh/channel-ProviderCleanupOwnershipEarlyClose/ProviderCleanupOwnership.tla
Parsing file /tmp/Naturals.tla
Parsing file /tmp/FiniteSets.tla
Parsing file /tmp/Sequences.tla
Semantic processing of module Naturals
Semantic processing of module Sequences
Semantic processing of module FiniteSets
Semantic processing of module ProviderCleanupOwnership
Starting... (2026-10-09 16:50:25)
Computing initial states...
Finished computing initial states: 1 distinct state generated at 2026-10-09 16:50:26.
Error: Invariant TransportBeforeClose is violated.
Error: The behavior up to this point is:
State 1: <Initial predicate>
/\ inflight = 0
/\ owner = TRUE
/\ starts = (0 :> 0 @@ 1 :> 0 @@ 2 :> 0 @@ 3 :> 0)
/\ completions = (0 :> 0 @@ 1 :> 0 @@ 2 :> 0 @@ 3 :> 0)
/\ phase = "idle"
/\ finished = {}
/\ stage = 0

State 2: <SkipTransport line 33, col 18 to line 35, col 87 of module ProviderCleanupOwnership>
/\ inflight = 0
/\ owner = TRUE
/\ starts = (0 :> 0 @@ 1 :> 0 @@ 2 :> 0 @@ 3 :> 0)
/\ completions = (0 :> 0 @@ 1 :> 0 @@ 2 :> 0 @@ 3 :> 0)
/\ phase = "idle"
/\ finished = {}
/\ stage = 1

State 3: <Begin line 11, col 10 to line 14, col 61 of module ProviderCleanupOwnership>
/\ inflight = 1
/\ owner = TRUE
/\ starts = (0 :> 0 @@ 1 :> 1 @@ 2 :> 0 @@ 3 :> 0)
/\ completions = (0 :> 0 @@ 1 :> 0 @@ 2 :> 0 @@ 3 :> 0)
/\ phase = "pending"
/\ finished = {}
/\ stage = 1

State 4: <Success line 15, col 12 to line 18, col 58 of module ProviderCleanupOwnership>
/\ inflight = 0
/\ owner = TRUE
/\ starts = (0 :> 0 @@ 1 :> 1 @@ 2 :> 0 @@ 3 :> 0)
/\ completions = (0 :> 0 @@ 1 :> 1 @@ 2 :> 0 @@ 3 :> 0)
/\ phase = "completed"
/\ finished = {}
/\ stage = 1

State 5: <Consume line 29, col 12 to line 32, col 57 of module ProviderCleanupOwnership>
/\ inflight = 0
/\ owner = TRUE
/\ starts = (0 :> 0 @@ 1 :> 1 @@ 2 :> 0 @@ 3 :> 0)
/\ completions = (0 :> 0 @@ 1 :> 1 @@ 2 :> 0 @@ 3 :> 0)
/\ phase = "idle"
/\ finished = {1}
/\ stage = 2

State 6: <Begin line 11, col 10 to line 14, col 61 of module ProviderCleanupOwnership>
/\ inflight = 1
/\ owner = TRUE
/\ starts = (0 :> 0 @@ 1 :> 1 @@ 2 :> 1 @@ 3 :> 0)
/\ completions = (0 :> 0 @@ 1 :> 1 @@ 2 :> 0 @@ 3 :> 0)
/\ phase = "pending"
/\ finished = {1}
/\ stage = 2

State 7: <Success line 15, col 12 to line 18, col 58 of module ProviderCleanupOwnership>
/\ inflight = 0
/\ owner = TRUE
/\ starts = (0 :> 0 @@ 1 :> 1 @@ 2 :> 1 @@ 3 :> 0)
/\ completions = (0 :> 0 @@ 1 :> 1 @@ 2 :> 1 @@ 3 :> 0)
/\ phase = "completed"
/\ finished = {1}
/\ stage = 2

State 8: <Consume line 29, col 12 to line 32, col 57 of module ProviderCleanupOwnership>
/\ inflight = 0
/\ owner = TRUE
/\ starts = (0 :> 0 @@ 1 :> 1 @@ 2 :> 1 @@ 3 :> 0)
/\ completions = (0 :> 0 @@ 1 :> 1 @@ 2 :> 1 @@ 3 :> 0)
/\ phase = "idle"
/\ finished = {1, 2}
/\ stage = 3

64 states generated, 46 distinct states found, 12 states left on queue.
The depth of the complete state graph search is 8.
The average outdegree of the complete state graph is 1 (minimum is 0, the maximum 2 and the 95th percentile is 2).
Finished in 02s at (2026-10-09 16:50:26)
