Picked up JAVA_TOOL_OPTIONS: -Xmx256m -XX:CompressedClassSpaceSize=32m -XX:ReservedCodeCacheSize=32m -Xss512k -XX:ParallelGCThreads=1
TLC2 Version 2.19 of 08 August 2024 (rev: 5a47802)
Running breadth-first search Model-Checking with fp 128 and seed 1 with 1 worker on 4 cores with 228MB heap and 64MB offheap memory [pid: 27904] (Linux 6.18.39+rpt-rpi-v8 aarch64, Debian 21.0.10 x86_64, MSBDiskFPSet, DiskStateQueue).
Parsing file /home/nathan/Documents/coding/Pal/docs/reviews/state_machine_20261009/wide/tlc-fresh/channel-ProviderCleanupOwnership/ProviderCleanupOwnership.tla
Parsing file /tmp/Naturals.tla
Parsing file /tmp/FiniteSets.tla
Parsing file /tmp/Sequences.tla
Semantic processing of module Naturals
Semantic processing of module Sequences
Semantic processing of module FiniteSets
Semantic processing of module ProviderCleanupOwnership
Starting... (2026-10-09 16:50:18)
Computing initial states...
Finished computing initial states: 1 distinct state generated at 2026-10-09 16:50:19.
Model checking completed. No error has been found.
  Estimates of the probability that TLC did not check all reachable states
  because two distinct states had the same fingerprint:
  calculated (optimistic):  val = 3.9E-16
181 states generated, 121 distinct states found, 0 states left on queue.
The depth of the complete state graph search is 21.
The average outdegree of the complete state graph is 1 (minimum is 0, the maximum 2 and the 95th percentile is 2).
Finished in 03s at (2026-10-09 16:50:19)
