TLC2 Version 2.19 of 08 August 2024 (rev: 5a47802)
Warning: Please run the Java VM which executes TLC with a throughput optimized garbage collector by passing the "-XX:+UseParallelGC" property.
(Use the -nowarning option to disable this warning.)
Running breadth-first search Model-Checking with fp 50 and seed 2339789511704967042 with 1 worker on 4 cores with 950MB heap and 64MB offheap memory [pid: 135850] (Linux 6.18.39+rpt-rpi-v8 aarch64, Debian 21.0.10 x86_64, MSBDiskFPSet, DiskStateQueue).
Parsing file /home/nathan/Documents/coding/Pal/spec/core/PluginPublicationLifecycle.tla
Parsing file /tmp/Naturals.tla
Parsing file /tmp/TLC.tla
Parsing file /tmp/Sequences.tla
Parsing file /tmp/FiniteSets.tla
Semantic processing of module Naturals
Semantic processing of module Sequences
Semantic processing of module FiniteSets
Semantic processing of module TLC
Semantic processing of module PluginPublicationLifecycle
Starting... (2026-10-09 13:26:47)
Computing initial states...
Finished computing initial states: 1 distinct state generated at 2026-10-09 13:26:48.
Error: Invariant PublicationAgrees is violated.
Error: The behavior up to this point is:
State 1: <Initial predicate>
/\ attached = FALSE
/\ owner = FALSE
/\ generation = FALSE
/\ handleMap = FALSE
/\ phase = "idle"
/\ pendingCleanup = FALSE
/\ surface = FALSE

State 2: <Start line 15, col 10 to line 17, col 66 of module PluginPublicationLifecycle>
/\ attached = FALSE
/\ owner = TRUE
/\ generation = FALSE
/\ handleMap = FALSE
/\ phase = "preparing"
/\ pendingCleanup = TRUE
/\ surface = FALSE

State 3: <Fail line 31, col 9 to line 33, col 69 of module PluginPublicationLifecycle>
/\ attached = FALSE
/\ owner = TRUE
/\ generation = FALSE
/\ handleMap = FALSE
/\ phase = "rollback"
/\ pendingCleanup = TRUE
/\ surface = FALSE

State 4: <CleanupSuccess line 40, col 19 to line 44, col 52 of module PluginPublicationLifecycle>
/\ attached = FALSE
/\ owner = FALSE
/\ generation = TRUE
/\ handleMap = TRUE
/\ phase = "idle"
/\ pendingCleanup = FALSE
/\ surface = FALSE

8 states generated, 8 distinct states found, 3 states left on queue.
The depth of the complete state graph search is 4.
The average outdegree of the complete state graph is 2 (minimum is 1, the maximum 2 and the 95th percentile is 2).
Finished in 03s at (2026-10-09 13:26:48)
