FF                                                                       [100%]
=================================== FAILURES ===================================
_____ test_detach_import_cleanup_failure_retains_retry_owner[first_party] ______

staged_plugin = (PluginHost(context=MainContext(execution_runtime=<pal.execution.extensions.ExecutionSlot object at 0x7f8f3da510>, mod...ve_notice=None, _last_error='')), PosixPath('/tmp/pytest-of-nathan/pytest-71/test_detach_import_cleanup_fai0/builtin'))

    def test_detach_import_cleanup_failure_retains_retry_owner(staged_plugin):
        host, _, _ = staged_plugin
        assert host.attach("publication_test")["status"] == RuntimeStatus.OK
        generation = host.generations["publication_test"]
        with patch.object(host, "_drop_plugin_import_cache", side_effect=RuntimeError("imports blocked")):
            assert host.detach("publication_test")["status"] == RuntimeStatus.ERROR
>       assert host.generations.get("publication_test") is generation
E       AssertionError: assert None is PluginGeneration(number=1, instance=<publication_test_runtime.Plugin object at 0x7f8f270ad0>, scope=PluginScope(core_c...None, shutdown_async=None, execution_extension=None, runtime_state_port=None), cleanup_errors=(), cleanup_started=True)
E        +  where None = <built-in method get of dict object at 0x7f8f26b940>('publication_test')
E        +    where <built-in method get of dict object at 0x7f8f26b940> = {}.get
E        +      where {} = PluginHost(context=MainContext(execution_runtime=<pal.execution.extensions.ExecutionSlot object at 0x7f8f3da510>, modu...errors=[], last_scan_status=<RuntimeStatus.OK: 'ok'>, _generation_counter=1, _management_handle=None, _attaching=set()).generations

tests/test_plugin_publication_rollback.py:127: AssertionError
_____ test_detach_import_cleanup_failure_retains_retry_owner[third_party] ______

staged_plugin = (PluginHost(context=MainContext(execution_runtime=<pal.execution.extensions.ExecutionSlot object at 0x7f8f40efd0>, mod...None, _last_error='')), PosixPath('/tmp/pytest-of-nathan/pytest-71/test_detach_import_cleanup_fai1/plugins/community'))

    def test_detach_import_cleanup_failure_retains_retry_owner(staged_plugin):
        host, _, _ = staged_plugin
        assert host.attach("publication_test")["status"] == RuntimeStatus.OK
        generation = host.generations["publication_test"]
        with patch.object(host, "_drop_plugin_import_cache", side_effect=RuntimeError("imports blocked")):
            assert host.detach("publication_test")["status"] == RuntimeStatus.ERROR
>       assert host.generations.get("publication_test") is generation
E       AssertionError: assert None is PluginGeneration(number=1, instance=<publication_test_runtime.Plugin object at 0x7f8f3d8ec0>, scope=PluginScope(core_c...None, shutdown_async=None, execution_extension=None, runtime_state_port=None), cleanup_errors=(), cleanup_started=True)
E        +  where None = <built-in method get of dict object at 0x7f8f308640>('publication_test')
E        +    where <built-in method get of dict object at 0x7f8f308640> = {}.get
E        +      where {} = PluginHost(context=MainContext(execution_runtime=<pal.execution.extensions.ExecutionSlot object at 0x7f8f40efd0>, modu...errors=[], last_scan_status=<RuntimeStatus.OK: 'ok'>, _generation_counter=1, _management_handle=None, _attaching=set()).generations

tests/test_plugin_publication_rollback.py:127: AssertionError
=============================== warnings summary ===============================
../../../.local/lib/python3.13/site-packages/jieba/_compat.py:18
  /home/nathan/.local/lib/python3.13/site-packages/jieba/_compat.py:18: DeprecationWarning: pkg_resources is deprecated as an API. See https://setuptools.pypa.io/en/latest/pkg_resources.html
    import pkg_resources

../../../../../usr/lib/python3/dist-packages/pkg_resources/__init__.py:3147
  /usr/lib/python3/dist-packages/pkg_resources/__init__.py:3147: DeprecationWarning: Deprecated call to `pkg_resources.declare_namespace('logilab')`.
  Implementing implicit namespace packages (as specified in PEP 420) is preferred to `pkg_resources.declare_namespace`. See https://setuptools.pypa.io/en/latest/references/keywords.html#keyword-namespace-packages
    declare_namespace(pkg)

-- Docs: https://docs.pytest.org/en/stable/how-to/capture-warnings.html
=========================== short test summary info ============================
FAILED tests/test_plugin_publication_rollback.py::test_detach_import_cleanup_failure_retains_retry_owner[first_party]
FAILED tests/test_plugin_publication_rollback.py::test_detach_import_cleanup_failure_retains_retry_owner[third_party]
2 failed, 40 deselected, 2 warnings in 4.36s
