FF                                                                       [100%]
=================================== FAILURES ===================================
_________ test_cancelled_enable_restores_disabled_setting[first_party] _________

staged_plugin = (PluginHost(context=MainContext(execution_runtime=<pal.execution.extensions.ExecutionSlot object at 0x7faba82510>, mod...ve_notice=None, _last_error='')), PosixPath('/tmp/pytest-of-nathan/pytest-63/test_cancelled_enable_restores0/builtin'))

    def test_cancelled_enable_restores_disabled_setting(staged_plugin):
        host, core, root = staged_plugin
        assert host.disable("publication_test")["status"] == RuntimeStatus.OK
        source = root / "publication_test_runtime.py"
        source.write_text("import asyncio\n" + source.read_text().replace(
            "    def start(self, scope):", "    async def start(self, scope):"
        ).replace("        return handle", "        raise asyncio.CancelledError('start cancelled')"))
        with pytest.raises(asyncio.CancelledError, match="start cancelled"):
            host.enable("publication_test")
>       assert not host._record("publication_test").enabled
E       AssertionError: assert not True
E        +  where True = PluginRecord(plugin_id='publication_test', source='first_party', entrypoint='publication_test_runtime', version='1.0.0...]}, generation=0, lifecycle_protocol='raii.v1', requires_plugins=(), requires_ports=(), blocked_by=(), suspended_by=()).enabled
E        +    where PluginRecord(plugin_id='publication_test', source='first_party', entrypoint='publication_test_runtime', version='1.0.0...]}, generation=0, lifecycle_protocol='raii.v1', requires_plugins=(), requires_ports=(), blocked_by=(), suspended_by=()) = _record('publication_test')
E        +      where _record = PluginHost(context=MainContext(execution_runtime=<pal.execution.extensions.ExecutionSlot object at 0x7faba82510>, modu...errors=[], last_scan_status=<RuntimeStatus.OK: 'ok'>, _generation_counter=0, _management_handle=None, _attaching=set())._record

tests/test_plugin_publication_rollback.py:117: AssertionError
_________ test_cancelled_enable_restores_disabled_setting[third_party] _________

staged_plugin = (PluginHost(context=MainContext(execution_runtime=<pal.execution.extensions.ExecutionSlot object at 0x7fabab2c10>, mod...None, _last_error='')), PosixPath('/tmp/pytest-of-nathan/pytest-63/test_cancelled_enable_restores1/plugins/community'))

    def test_cancelled_enable_restores_disabled_setting(staged_plugin):
        host, core, root = staged_plugin
        assert host.disable("publication_test")["status"] == RuntimeStatus.OK
        source = root / "publication_test_runtime.py"
        source.write_text("import asyncio\n" + source.read_text().replace(
            "    def start(self, scope):", "    async def start(self, scope):"
        ).replace("        return handle", "        raise asyncio.CancelledError('start cancelled')"))
        with pytest.raises(asyncio.CancelledError, match="start cancelled"):
            host.enable("publication_test")
>       assert not host._record("publication_test").enabled
E       AssertionError: assert not True
E        +  where True = PluginRecord(plugin_id='publication_test', source='third_party', entrypoint='publication_test_runtime', version='1.0.0...]}, generation=0, lifecycle_protocol='raii.v1', requires_plugins=(), requires_ports=(), blocked_by=(), suspended_by=()).enabled
E        +    where PluginRecord(plugin_id='publication_test', source='third_party', entrypoint='publication_test_runtime', version='1.0.0...]}, generation=0, lifecycle_protocol='raii.v1', requires_plugins=(), requires_ports=(), blocked_by=(), suspended_by=()) = _record('publication_test')
E        +      where _record = PluginHost(context=MainContext(execution_runtime=<pal.execution.extensions.ExecutionSlot object at 0x7fabab2c10>, modu...errors=[], last_scan_status=<RuntimeStatus.OK: 'ok'>, _generation_counter=0, _management_handle=None, _attaching=set())._record

tests/test_plugin_publication_rollback.py:117: AssertionError
=============================== warnings summary ===============================
../../../.local/lib/python3.13/site-packages/jieba/_compat.py:18
  /home/nathan/.local/lib/python3.13/site-packages/jieba/_compat.py:18: DeprecationWarning: pkg_resources is deprecated as an API. See https://setuptools.pypa.io/en/latest/pkg_resources.html
    import pkg_resources

../../../../../usr/lib/python3/dist-packages/pkg_resources/__init__.py:3147
  /usr/lib/python3/dist-packages/pkg_resources/__init__.py:3147: DeprecationWarning: Deprecated call to `pkg_resources.declare_namespace('logilab')`.
  Implementing implicit namespace packages (as specified in PEP 420) is preferred to `pkg_resources.declare_namespace`. See https://setuptools.pypa.io/en/latest/references/keywords.html#keyword-namespace-packages
    declare_namespace(pkg)

-- Docs: https://docs.pytest.org/en/stable/how-to/capture-warnings.html
=========================== short test summary info ============================
FAILED tests/test_plugin_publication_rollback.py::test_cancelled_enable_restores_disabled_setting[first_party]
FAILED tests/test_plugin_publication_rollback.py::test_cancelled_enable_restores_disabled_setting[third_party]
2 failed, 36 deselected, 2 warnings in 10.24s
