TLC2 Version 2.19 of 08 August 2024 (rev: 5a47802)
Running breadth-first search Model-Checking with fp 67 and seed 1 with 3 workers on 4 cores with 910MB heap and 64MB offheap memory [pid: 142617] (Linux 6.18.39+rpt-rpi-v8 aarch64, Debian 21.0.10 x86_64, MSBDiskFPSet, DiskStateQueue).
Parsing file /tmp/pal-deep-review/verifier/bunshin-VerifierDraftLifecycle/VerifierDraftLifecycle.tla
Parsing file /tmp/Naturals.tla
Parsing file /tmp/TLC.tla
Parsing file /tmp/Sequences.tla
Parsing file /tmp/FiniteSets.tla
Semantic processing of module Naturals
Semantic processing of module Sequences
Semantic processing of module FiniteSets
Semantic processing of module TLC
Semantic processing of module VerifierDraftLifecycle
Starting... (2026-10-09 14:40:12)
Computing initial states...
Finished computing initial states: 1 distinct state generated at 2026-10-09 14:40:13.
Progress(6) at 2026-10-09 14:40:16: 8,588 states generated (8,588 s/min), 5,531 distinct states found (5,531 ds/min), 4,903 states left on queue.
Progress(8) at 2026-10-09 14:41:16: 629,246 states generated (620,658 s/min), 267,907 distinct states found (262,376 ds/min), 190,932 states left on queue.
Progress(9) at 2026-10-09 14:42:16: 1,293,149 states generated (663,903 s/min), 493,253 distinct states found (225,346 ds/min), 321,939 states left on queue.
Progress(9) at 2026-10-09 14:43:16: 1,854,514 states generated (561,365 s/min), 623,459 distinct states found (130,206 ds/min), 339,933 states left on queue.
Progress(9) at 2026-10-09 14:44:16: 2,257,690 states generated (403,176 s/min), 729,176 distinct states found (105,717 ds/min), 372,964 states left on queue.
Progress(9) at 2026-10-09 14:45:17: 2,607,474 states generated (349,784 s/min), 815,111 distinct states found (85,935 ds/min), 401,583 states left on queue.
Progress(10) at 2026-10-09 14:46:17: 2,960,628 states generated (353,154 s/min), 885,359 distinct states found (70,248 ds/min), 399,027 states left on queue.
Progress(10) at 2026-10-09 14:47:17: 3,315,870 states generated (355,242 s/min), 939,718 distinct states found (54,359 ds/min), 357,025 states left on queue.
Progress(10) at 2026-10-09 14:48:17: 3,690,091 states generated (374,221 s/min), 991,147 distinct states found (51,429 ds/min), 313,128 states left on queue.
Progress(10) at 2026-10-09 14:49:17: 4,114,264 states generated (424,173 s/min), 1,036,803 distinct states found (45,656 ds/min), 248,213 states left on queue.
Progress(11) at 2026-10-09 14:50:17: 4,576,462 states generated (462,198 s/min), 1,084,491 distinct states found (47,688 ds/min), 163,596 states left on queue.
Progress(11) at 2026-10-09 14:51:17: 4,909,271 states generated (332,809 s/min), 1,098,809 distinct states found (14,318 ds/min), 52,455 states left on queue.
Model checking completed. No error has been found.
  Estimates of the probability that TLC did not check all reachable states
  because two distinct states had the same fingerprint:
  calculated (optimistic):  val = 2.4E-7
  based on the actual fingerprints:  val = 2.1E-8
5061092 states generated, 1113100 distinct states found, 0 states left on queue.
The depth of the complete state graph search is 12.
The average outdegree of the complete state graph is 1 (minimum is 0, the maximum 17 and the 95th percentile is 5).
Finished in 11min 28s at (2026-10-09 14:51:39)
