FFFFF                                                                    [100%]
=================================== FAILURES ===================================
_ test_failed_activation_and_failed_restore_keep_candidate_owned_and_withdrawn _

self = <tests.test_execution_extension_admission.ProbeExtension object at 0x7f83f33230>
_ = (MainContext(execution_runtime=<pal.execution.extensions.ExecutionSlot object at 0x7f83f32660>, module_registry=Module...40>, _interrupt_handles={}, _interrupt_tasks={}, _interrupt_state_lock=<unlocked _thread.lock object at 0x7f83d447d0>))

    def activate(self, *_):
>       self.activate_callback()

tests/test_execution_extension_admission.py:63: 
_ _ _ _ _ _ _ _ _ _ _ _ _ _ _ _ _ _ _ _ _ _ _ _ _ _ _ _ _ _ _ _ _ _ _ _ _ _ _ _ 

    def fail_activation():
        captured.append(state.slot.registry_generation)
>       raise RuntimeError("activation failed")
E       RuntimeError: activation failed

tests/test_execution_extension_admission.py:387: RuntimeError

During handling of the above exception, another exception occurred:

execution = namespace(context=MainContext(execution_runtime=<pal.execution.extensions.ExecutionSlot object at 0x7f83f32660>, modul...one, cleanup_callbacks=[], shutdown_sync=None, shutdown_async=None, execution_extension=None, runtime_state_port=None))
monkeypatch = <_pytest.monkeypatch.MonkeyPatch object at 0x7f86a9e9e0>

    def test_failed_activation_and_failed_restore_keep_candidate_owned_and_withdrawn(execution, monkeypatch):
        state = execution
        extension = ProbeExtension()
        captured = []
    
        def fail_activation():
            captured.append(state.slot.registry_generation)
            raise RuntimeError("activation failed")
    
        def fail_restore(*args, **kwargs):
            raise RuntimeError("restore failed")
    
        extension.activate_callback = fail_activation
        with monkeypatch.context() as patch:
            patch.setattr(state.original, "mount_subtree", fail_restore)
            with pytest.raises(RuntimeError, match="activation failed"):
>               state.slot.install(extension, state.context, state.owner)

tests/test_execution_extension_admission.py:396: 
_ _ _ _ _ _ _ _ _ _ _ _ _ _ _ _ _ _ _ _ _ _ _ _ _ _ _ _ _ _ _ _ _ _ _ _ _ _ _ _ 
src/pal/execution/extensions.py:70: in install
    published = previous.mount_subtree(restored, retire_replaced=False)
                ^^^^^^^^^^^^^^^^^^^^^^^^^^^^^^^^^^^^^^^^^^^^^^^^^^^^^^^
_ _ _ _ _ _ _ _ _ _ _ _ _ _ _ _ _ _ _ _ _ _ _ _ _ _ _ _ _ _ _ _ _ _ _ _ _ _ _ _ 

args = (ModuleHandle(module_id='execution', tier='core-foundation', mounted=True, detachable=False, degraded=False, introspec...e), cleanup_callbacks=[], shutdown_sync=None, shutdown_async=None, execution_extension=None, runtime_state_port=None),)
kwargs = {'retire_replaced': False}

    def fail_restore(*args, **kwargs):
>       raise RuntimeError("restore failed")
E       RuntimeError: restore failed

tests/test_execution_extension_admission.py:390: RuntimeError

During handling of the above exception, another exception occurred:

execution = namespace(context=MainContext(execution_runtime=<pal.execution.extensions.ExecutionSlot object at 0x7f83f32660>, modul...one, cleanup_callbacks=[], shutdown_sync=None, shutdown_async=None, execution_extension=None, runtime_state_port=None))
monkeypatch = <_pytest.monkeypatch.MonkeyPatch object at 0x7f86a9e9e0>

    def test_failed_activation_and_failed_restore_keep_candidate_owned_and_withdrawn(execution, monkeypatch):
        state = execution
        extension = ProbeExtension()
        captured = []
    
        def fail_activation():
            captured.append(state.slot.registry_generation)
            raise RuntimeError("activation failed")
    
        def fail_restore(*args, **kwargs):
            raise RuntimeError("restore failed")
    
        extension.activate_callback = fail_activation
        with monkeypatch.context() as patch:
            patch.setattr(state.original, "mount_subtree", fail_restore)
>           with pytest.raises(RuntimeError, match="activation failed"):
                 ^^^^^^^^^^^^^^^^^^^^^^^^^^^^^^^^^^^^^^^^^^^^^^^^^^^^^^
E           AssertionError: Regex pattern did not match.
E             Expected regex: 'activation failed'
E             Actual message: 'restore failed'

tests/test_execution_extension_admission.py:395: AssertionError
_ test_cancelled_start_rolls_back_and_preserves_failed_cleanup[first_party-False] _

staged_plugin = (PluginHost(context=MainContext(execution_runtime=<pal.execution.extensions.ExecutionSlot object at 0x7f83f2fed0>, mod...ve_notice=None, _last_error='')), PosixPath('/tmp/pytest-of-nathan/pytest-60/test_cancelled_start_rolls_bac0/builtin'))
cleanup_blocked = False

    @pytest.mark.parametrize("cleanup_blocked", [False, True])
    def test_cancelled_start_rolls_back_and_preserves_failed_cleanup(staged_plugin, cleanup_blocked):
        host, core, root = staged_plugin
        attempts = []
    
        async def cleanup():
            attempts.append("cleanup")
            if cleanup_blocked:
                raise asyncio.CancelledError("cleanup cancelled")
    
        host.services["ledger"].append(cleanup)
        source = root / "publication_test_runtime.py"
        source.write_text("import asyncio\n" + source.read_text().replace(
            "    def start(self, scope):",
            "    async def start(self, scope):\n        scope.defer(self.ledger[0])"
        ).replace("        return handle", "        raise asyncio.CancelledError('start cancelled')"))
        with pytest.raises(asyncio.CancelledError, match="start cancelled"):
            host.attach("publication_test")
>       assert attempts == ["cleanup"]
E       AssertionError: assert [] == ['cleanup']
E         
E         Right contains one more item: 'cleanup'
E         Use -v to get more diff

tests/test_plugin_publication_rollback.py:90: AssertionError
_ test_cancelled_start_rolls_back_and_preserves_failed_cleanup[first_party-True] _

staged_plugin = (PluginHost(context=MainContext(execution_runtime=<pal.execution.extensions.ExecutionSlot object at 0x7f83cc1450>, mod...ve_notice=None, _last_error='')), PosixPath('/tmp/pytest-of-nathan/pytest-60/test_cancelled_start_rolls_bac1/builtin'))
cleanup_blocked = True

    @pytest.mark.parametrize("cleanup_blocked", [False, True])
    def test_cancelled_start_rolls_back_and_preserves_failed_cleanup(staged_plugin, cleanup_blocked):
        host, core, root = staged_plugin
        attempts = []
    
        async def cleanup():
            attempts.append("cleanup")
            if cleanup_blocked:
                raise asyncio.CancelledError("cleanup cancelled")
    
        host.services["ledger"].append(cleanup)
        source = root / "publication_test_runtime.py"
        source.write_text("import asyncio\n" + source.read_text().replace(
            "    def start(self, scope):",
            "    async def start(self, scope):\n        scope.defer(self.ledger[0])"
        ).replace("        return handle", "        raise asyncio.CancelledError('start cancelled')"))
        with pytest.raises(asyncio.CancelledError, match="start cancelled"):
            host.attach("publication_test")
>       assert attempts == ["cleanup"]
E       AssertionError: assert [] == ['cleanup']
E         
E         Right contains one more item: 'cleanup'
E         Use -v to get more diff

tests/test_plugin_publication_rollback.py:90: AssertionError
_ test_cancelled_start_rolls_back_and_preserves_failed_cleanup[third_party-False] _

staged_plugin = (PluginHost(context=MainContext(execution_runtime=<pal.execution.extensions.ExecutionSlot object at 0x7f83d96fd0>, mod...None, _last_error='')), PosixPath('/tmp/pytest-of-nathan/pytest-60/test_cancelled_start_rolls_bac2/plugins/community'))
cleanup_blocked = False

    @pytest.mark.parametrize("cleanup_blocked", [False, True])
    def test_cancelled_start_rolls_back_and_preserves_failed_cleanup(staged_plugin, cleanup_blocked):
        host, core, root = staged_plugin
        attempts = []
    
        async def cleanup():
            attempts.append("cleanup")
            if cleanup_blocked:
                raise asyncio.CancelledError("cleanup cancelled")
    
        host.services["ledger"].append(cleanup)
        source = root / "publication_test_runtime.py"
        source.write_text("import asyncio\n" + source.read_text().replace(
            "    def start(self, scope):",
            "    async def start(self, scope):\n        scope.defer(self.ledger[0])"
        ).replace("        return handle", "        raise asyncio.CancelledError('start cancelled')"))
        with pytest.raises(asyncio.CancelledError, match="start cancelled"):
            host.attach("publication_test")
>       assert attempts == ["cleanup"]
E       AssertionError: assert [] == ['cleanup']
E         
E         Right contains one more item: 'cleanup'
E         Use -v to get more diff

tests/test_plugin_publication_rollback.py:90: AssertionError
_ test_cancelled_start_rolls_back_and_preserves_failed_cleanup[third_party-True] _

staged_plugin = (PluginHost(context=MainContext(execution_runtime=<pal.execution.extensions.ExecutionSlot object at 0x7f83da0510>, mod...None, _last_error='')), PosixPath('/tmp/pytest-of-nathan/pytest-60/test_cancelled_start_rolls_bac3/plugins/community'))
cleanup_blocked = True

    @pytest.mark.parametrize("cleanup_blocked", [False, True])
    def test_cancelled_start_rolls_back_and_preserves_failed_cleanup(staged_plugin, cleanup_blocked):
        host, core, root = staged_plugin
        attempts = []
    
        async def cleanup():
            attempts.append("cleanup")
            if cleanup_blocked:
                raise asyncio.CancelledError("cleanup cancelled")
    
        host.services["ledger"].append(cleanup)
        source = root / "publication_test_runtime.py"
        source.write_text("import asyncio\n" + source.read_text().replace(
            "    def start(self, scope):",
            "    async def start(self, scope):\n        scope.defer(self.ledger[0])"
        ).replace("        return handle", "        raise asyncio.CancelledError('start cancelled')"))
        with pytest.raises(asyncio.CancelledError, match="start cancelled"):
            host.attach("publication_test")
>       assert attempts == ["cleanup"]
E       AssertionError: assert [] == ['cleanup']
E         
E         Right contains one more item: 'cleanup'
E         Use -v to get more diff

tests/test_plugin_publication_rollback.py:90: AssertionError
=============================== warnings summary ===============================
../../../.local/lib/python3.13/site-packages/jieba/_compat.py:18
  /home/nathan/.local/lib/python3.13/site-packages/jieba/_compat.py:18: DeprecationWarning: pkg_resources is deprecated as an API. See https://setuptools.pypa.io/en/latest/pkg_resources.html
    import pkg_resources

../../../../../usr/lib/python3/dist-packages/pkg_resources/__init__.py:3147
  /usr/lib/python3/dist-packages/pkg_resources/__init__.py:3147: DeprecationWarning: Deprecated call to `pkg_resources.declare_namespace('logilab')`.
  Implementing implicit namespace packages (as specified in PEP 420) is preferred to `pkg_resources.declare_namespace`. See https://setuptools.pypa.io/en/latest/references/keywords.html#keyword-namespace-packages
    declare_namespace(pkg)

-- Docs: https://docs.pytest.org/en/stable/how-to/capture-warnings.html
=========================== short test summary info ============================
FAILED tests/test_execution_extension_admission.py::test_failed_activation_and_failed_restore_keep_candidate_owned_and_withdrawn
FAILED tests/test_plugin_publication_rollback.py::test_cancelled_start_rolls_back_and_preserves_failed_cleanup[first_party-False]
FAILED tests/test_plugin_publication_rollback.py::test_cancelled_start_rolls_back_and_preserves_failed_cleanup[first_party-True]
FAILED tests/test_plugin_publication_rollback.py::test_cancelled_start_rolls_back_and_preserves_failed_cleanup[third_party-False]
FAILED tests/test_plugin_publication_rollback.py::test_cancelled_start_rolls_back_and_preserves_failed_cleanup[third_party-True]
5 failed, 44 deselected, 2 warnings in 4.95s
