TLC2 Version 2.19 of 08 August 2024 (rev: 5a47802)
Running breadth-first search Model-Checking with fp 24 and seed 1 with 1 worker on 4 cores with 228MB heap and 64MB offheap memory [pid: 143822] (Linux 6.18.39+rpt-rpi-v8 aarch64, Debian 21.0.10 x86_64, MSBDiskFPSet, DiskStateQueue).
Parsing file /tmp/pal-deep-review/models-final/core-PluginPublicationLifecycle/PluginPublicationLifecycle.tla
Parsing file /tmp/Naturals.tla
Parsing file /tmp/TLC.tla
Parsing file /tmp/Sequences.tla
Parsing file /tmp/FiniteSets.tla
Semantic processing of module Naturals
Semantic processing of module Sequences
Semantic processing of module FiniteSets
Semantic processing of module TLC
Semantic processing of module PluginPublicationLifecycle
Starting... (2026-10-09 14:51:42)
Computing initial states...
Finished computing initial states: 1 distinct state generated at 2026-10-09 14:51:42.
Model checking completed. No error has been found.
  Estimates of the probability that TLC did not check all reachable states
  because two distinct states had the same fingerprint:
  calculated (optimistic):  val = 8.1E-18
25 states generated, 15 distinct states found, 0 states left on queue.
The depth of the complete state graph search is 7.
The average outdegree of the complete state graph is 1 (minimum is 0, the maximum 2 and the 95th percentile is 2).
Finished in 03s at (2026-10-09 14:51:43)
