TLC2 Version 2.19 of 08 August 2024 (rev: 5a47802)
Running breadth-first search Model-Checking with fp 53 and seed 1 with 1 worker on 4 cores with 228MB heap and 64MB offheap memory [pid: 143981] (Linux 6.18.39+rpt-rpi-v8 aarch64, Debian 21.0.10 x86_64, MSBDiskFPSet, DiskStateQueue).
Parsing file /tmp/pal-deep-review/models-final/execution-ExtensionRollbackUnsafe/ExtensionRollback.tla
Parsing file /tmp/Naturals.tla
Parsing file /tmp/TLC.tla
Parsing file /tmp/Sequences.tla
Parsing file /tmp/FiniteSets.tla
Semantic processing of module Naturals
Semantic processing of module Sequences
Semantic processing of module FiniteSets
Semantic processing of module TLC
Semantic processing of module ExtensionRollback
Starting... (2026-10-09 14:51:57)
Computing initial states...
Finished computing initial states: 1 distinct state generated at 2026-10-09 14:51:58.
Error: Invariant CleanupOwned is violated.
Error: The behavior up to this point is:
State 1: <Initial predicate>
/\ owner = TRUE
/\ originalLive = TRUE
/\ closed = FALSE
/\ current = "original"
/\ phase = "staging"
/\ candidateLive = FALSE

State 2: <Publish line 11, col 12 to line 13, col 41 of module ExtensionRollback>
/\ owner = TRUE
/\ originalLive = FALSE
/\ closed = FALSE
/\ current = "candidate"
/\ phase = "published"
/\ candidateLive = TRUE

State 3: <FailActivation line 16, col 19 to line 18, col 71 of module ExtensionRollback>
/\ owner = TRUE
/\ originalLive = FALSE
/\ closed = FALSE
/\ current = "candidate"
/\ phase = "restoring"
/\ candidateLive = FALSE

State 4: <RestoreFailure line 19, col 19 to line 21, col 79 of module ExtensionRollback>
/\ owner = FALSE
/\ originalLive = FALSE
/\ closed = FALSE
/\ current = "candidate"
/\ phase = "restore_failed"
/\ candidateLive = FALSE

7 states generated, 7 distinct states found, 2 states left on queue.
The depth of the complete state graph search is 4.
The average outdegree of the complete state graph is 2 (minimum is 1, the maximum 2 and the 95th percentile is 2).
Finished in 02s at (2026-10-09 14:51:58)
