TLC2 Version 2.19 of 08 August 2024 (rev: 5a47802)
Running breadth-first search Model-Checking with fp 4 and seed 1 with 1 worker on 4 cores with 228MB heap and 64MB offheap memory [pid: 143890] (Linux 6.18.39+rpt-rpi-v8 aarch64, Debian 21.0.10 x86_64, MSBDiskFPSet, DiskStateQueue).
Parsing file /tmp/pal-deep-review/models-final/core-PluginPublicationLifecycleUnsafe/PluginPublicationLifecycle.tla
Parsing file /tmp/Naturals.tla
Parsing file /tmp/TLC.tla
Parsing file /tmp/Sequences.tla
Parsing file /tmp/FiniteSets.tla
Semantic processing of module Naturals
Semantic processing of module Sequences
Semantic processing of module FiniteSets
Semantic processing of module TLC
Semantic processing of module PluginPublicationLifecycle
Starting... (2026-10-09 14:51:48)
Computing initial states...
Finished computing initial states: 1 distinct state generated at 2026-10-09 14:51:49.
Error: Invariant PublicationAgrees is violated.
Error: The behavior up to this point is:
State 1: <Initial predicate>
/\ attached = FALSE
/\ owner = FALSE
/\ generation = FALSE
/\ resourcesClosed = TRUE
/\ handleMap = FALSE
/\ phase = "idle"
/\ pendingCleanup = FALSE
/\ callbacks = FALSE
/\ surface = FALSE

State 2: <Start line 18, col 10 to line 21, col 77 of module PluginPublicationLifecycle>
/\ attached = FALSE
/\ owner = TRUE
/\ generation = FALSE
/\ resourcesClosed = FALSE
/\ handleMap = FALSE
/\ phase = "preparing"
/\ pendingCleanup = TRUE
/\ callbacks = FALSE
/\ surface = FALSE

State 3: <Fail line 36, col 9 to line 38, col 97 of module PluginPublicationLifecycle>
/\ attached = FALSE
/\ owner = TRUE
/\ generation = FALSE
/\ resourcesClosed = FALSE
/\ handleMap = FALSE
/\ phase = "withdrawing"
/\ pendingCleanup = TRUE
/\ callbacks = FALSE
/\ surface = FALSE

State 4: <WithdrawSuccess line 39, col 20 to line 41, col 116 of module PluginPublicationLifecycle>
/\ attached = FALSE
/\ owner = TRUE
/\ generation = FALSE
/\ resourcesClosed = FALSE
/\ handleMap = FALSE
/\ phase = "rollback"
/\ pendingCleanup = TRUE
/\ callbacks = FALSE
/\ surface = FALSE

State 5: <CleanupSuccess line 56, col 19 to line 61, col 63 of module PluginPublicationLifecycle>
/\ attached = FALSE
/\ owner = FALSE
/\ generation = TRUE
/\ resourcesClosed = TRUE
/\ handleMap = TRUE
/\ phase = "idle"
/\ pendingCleanup = FALSE
/\ callbacks = FALSE
/\ surface = FALSE

14 states generated, 13 distinct states found, 5 states left on queue.
The depth of the complete state graph search is 5.
The average outdegree of the complete state graph is 2 (minimum is 1, the maximum 2 and the 95th percentile is 2).
Finished in 02s at (2026-10-09 14:51:49)
