TLC2 Version 2.19 of 08 August 2024 (rev: 5a47802)
Running breadth-first search Model-Checking with fp 4 and seed 1 with 1 worker on 4 cores with 228MB heap and 64MB offheap memory [pid: 143919] (Linux 6.18.39+rpt-rpi-v8 aarch64, Debian 21.0.10 x86_64, MSBDiskFPSet, DiskStateQueue).
Parsing file /tmp/pal-deep-review/models-final/core-PluginPublicationLifecycleWithdrawalUnsafe/PluginPublicationLifecycle.tla
Parsing file /tmp/Naturals.tla
Parsing file /tmp/TLC.tla
Parsing file /tmp/Sequences.tla
Parsing file /tmp/FiniteSets.tla
Semantic processing of module Naturals
Semantic processing of module Sequences
Semantic processing of module FiniteSets
Semantic processing of module TLC
Semantic processing of module PluginPublicationLifecycle
Starting... (2026-10-09 14:51:51)
Computing initial states...
Finished computing initial states: 1 distinct state generated at 2026-10-09 14:51:52.
Error: Invariant CleanupAfterWithdrawal is violated.
Error: The behavior up to this point is:
State 1: <Initial predicate>
/\ attached = FALSE
/\ owner = FALSE
/\ generation = FALSE
/\ resourcesClosed = TRUE
/\ handleMap = FALSE
/\ phase = "idle"
/\ pendingCleanup = FALSE
/\ callbacks = FALSE
/\ surface = FALSE

State 2: <Start line 18, col 10 to line 21, col 77 of module PluginPublicationLifecycle>
/\ attached = FALSE
/\ owner = TRUE
/\ generation = FALSE
/\ resourcesClosed = FALSE
/\ handleMap = FALSE
/\ phase = "preparing"
/\ pendingCleanup = TRUE
/\ callbacks = FALSE
/\ surface = FALSE

State 3: <Stage line 22, col 10 to line 27, col 48 of module PluginPublicationLifecycle>
/\ attached = FALSE
/\ owner = TRUE
/\ generation = TRUE
/\ resourcesClosed = FALSE
/\ handleMap = TRUE
/\ phase = "binding"
/\ pendingCleanup = TRUE
/\ callbacks = TRUE
/\ surface = TRUE

State 4: <Fail line 36, col 9 to line 38, col 97 of module PluginPublicationLifecycle>
/\ attached = FALSE
/\ owner = TRUE
/\ generation = TRUE
/\ resourcesClosed = FALSE
/\ handleMap = TRUE
/\ phase = "withdrawing"
/\ pendingCleanup = TRUE
/\ callbacks = TRUE
/\ surface = FALSE

State 5: <UnsafeClose line 47, col 16 to line 49, col 106 of module PluginPublicationLifecycle>
/\ attached = FALSE
/\ owner = TRUE
/\ generation = TRUE
/\ resourcesClosed = TRUE
/\ handleMap = TRUE
/\ phase = "withdraw_failed"
/\ pendingCleanup = TRUE
/\ callbacks = TRUE
/\ surface = FALSE

13 states generated, 12 distinct states found, 5 states left on queue.
The depth of the complete state graph search is 5.
The average outdegree of the complete state graph is 2 (minimum is 1, the maximum 2 and the 95th percentile is 2).
Finished in 02s at (2026-10-09 14:51:52)
