TLC2 Version 2.19 of 08 August 2024 (rev: 5a47802)
Running breadth-first search Model-Checking with fp 12 and seed 1 with 2 workers on 4 cores with 910MB heap and 64MB offheap memory [pid: 139965] (Linux 6.18.39+rpt-rpi-v8 aarch64, Debian 21.0.10 x86_64, MSBDiskFPSet, DiskStateQueue).
Parsing file /tmp/pal-nightly-review/verifier-draft-rerun/bunshin-VerifierDraftLifecycle/VerifierDraftLifecycle.tla
Parsing file /tmp/Naturals.tla
Parsing file /tmp/TLC.tla
Parsing file /tmp/Sequences.tla
Parsing file /tmp/FiniteSets.tla
Semantic processing of module Naturals
Semantic processing of module Sequences
Semantic processing of module FiniteSets
Semantic processing of module TLC
Semantic processing of module VerifierDraftLifecycle
Starting... (2026-10-09 14:09:19)
Computing initial states...
Finished computing initial states: 1 distinct state generated at 2026-10-09 14:09:21.
Progress(5) at 2026-10-09 14:09:24: 2,298 states generated (2,298 s/min), 1,573 distinct states found (1,573 ds/min), 1,422 states left on queue.
Progress(8) at 2026-10-09 14:10:24: 404,775 states generated (402,477 s/min), 186,924 distinct states found (185,351 ds/min), 143,415 states left on queue.
Progress(8) at 2026-10-09 14:11:24: 722,129 states generated (317,354 s/min), 304,836 distinct states found (117,912 ds/min), 214,741 states left on queue.
Progress(8) at 2026-10-09 14:12:24: 1,057,560 states generated (335,431 s/min), 418,951 distinct states found (114,115 ds/min), 282,851 states left on queue.
Progress(9) at 2026-10-09 14:13:24: 1,383,563 states generated (326,003 s/min), 515,734 distinct states found (96,783 ds/min), 330,414 states left on queue.
Progress(9) at 2026-10-09 14:14:24: 1,674,635 states generated (291,072 s/min), 583,179 distinct states found (67,445 ds/min), 340,728 states left on queue.
Progress(9) at 2026-10-09 14:15:24: 1,984,661 states generated (310,026 s/min), 660,380 distinct states found (77,201 ds/min), 352,727 states left on queue.
Progress(9) at 2026-10-09 14:16:24: 2,345,518 states generated (360,857 s/min), 745,722 distinct states found (85,342 ds/min), 370,555 states left on queue.
Progress(9) at 2026-10-09 14:17:24: 2,774,916 states generated (429,398 s/min), 848,653 distinct states found (102,931 ds/min), 402,091 states left on queue.
Progress(10) at 2026-10-09 14:18:24: 3,133,144 states generated (358,228 s/min), 914,501 distinct states found (65,848 ds/min), 386,106 states left on queue.
Progress(10) at 2026-10-09 14:19:24: 3,325,145 states generated (192,001 s/min), 943,235 distinct states found (28,734 ds/min), 362,405 states left on queue.
Progress(10) at 2026-10-09 14:20:24: 3,519,010 states generated (193,865 s/min), 970,393 distinct states found (27,158 ds/min), 341,009 states left on queue.
Progress(10) at 2026-10-09 14:21:24: 3,683,733 states generated (164,723 s/min), 990,291 distinct states found (19,898 ds/min), 311,422 states left on queue.
Progress(10) at 2026-10-09 14:22:24: 3,897,272 states generated (213,539 s/min), 1,014,588 distinct states found (24,297 ds/min), 280,714 states left on queue.
Progress(10) at 2026-10-09 14:23:24: 4,153,472 states generated (256,200 s/min), 1,035,998 distinct states found (21,410 ds/min), 229,809 states left on queue.
