FF                                                                       [100%]
=================================== FAILURES ===================================
____________ test_overlapping_preparations_each_commit_once[False] _____________

reverse = False

    @pytest.mark.parametrize("reverse", [False, True])
    def test_overlapping_preparations_each_commit_once(reverse):
        co, ctx = PromptCacheCoordinator(), context()
        first = _active_tool_request(_request())
        second = _extend_active_tool_request(first, suffix="overlapping")
        attempts = [co.prepare_attempt(request, ctx, codec_for_shape(ctx.wire_shape).encode(request, ctx), identity)
                    for request, identity in ((first, "first"), (second, "second"))]
        if reverse:
            attempts.reverse()
        for plan, _, diagnostics in attempts:
            co.submit_attempt(plan, request_id="overlap", diagnostics=diagnostics)
        snapshot = co.snapshot()["tail"]
>       assert snapshot["submitted_sequence"] == 2
E       assert 1 == 2

tests/test_cache_tail_admission.py:134: AssertionError
_____________ test_overlapping_preparations_each_commit_once[True] _____________

reverse = True

    @pytest.mark.parametrize("reverse", [False, True])
    def test_overlapping_preparations_each_commit_once(reverse):
        co, ctx = PromptCacheCoordinator(), context()
        first = _active_tool_request(_request())
        second = _extend_active_tool_request(first, suffix="overlapping")
        attempts = [co.prepare_attempt(request, ctx, codec_for_shape(ctx.wire_shape).encode(request, ctx), identity)
                    for request, identity in ((first, "first"), (second, "second"))]
        if reverse:
            attempts.reverse()
        for plan, _, diagnostics in attempts:
            co.submit_attempt(plan, request_id="overlap", diagnostics=diagnostics)
        snapshot = co.snapshot()["tail"]
>       assert snapshot["submitted_sequence"] == 2
E       assert 1 == 2

tests/test_cache_tail_admission.py:134: AssertionError
=============================== warnings summary ===============================
../../../.local/lib/python3.13/site-packages/jieba/_compat.py:18
  /home/nathan/.local/lib/python3.13/site-packages/jieba/_compat.py:18: DeprecationWarning: pkg_resources is deprecated as an API. See https://setuptools.pypa.io/en/latest/pkg_resources.html
    import pkg_resources

../../../../../usr/lib/python3/dist-packages/pkg_resources/__init__.py:3147
  /usr/lib/python3/dist-packages/pkg_resources/__init__.py:3147: DeprecationWarning: Deprecated call to `pkg_resources.declare_namespace('logilab')`.
  Implementing implicit namespace packages (as specified in PEP 420) is preferred to `pkg_resources.declare_namespace`. See https://setuptools.pypa.io/en/latest/references/keywords.html#keyword-namespace-packages
    declare_namespace(pkg)

-- Docs: https://docs.pytest.org/en/stable/how-to/capture-warnings.html
=========================== short test summary info ============================
FAILED tests/test_cache_tail_admission.py::test_overlapping_preparations_each_commit_once[False]
FAILED tests/test_cache_tail_admission.py::test_overlapping_preparations_each_commit_once[True]
2 failed, 9 deselected, 2 warnings in 6.83s
