Picked up JAVA_TOOL_OPTIONS: -Xmx256m -XX:CompressedClassSpaceSize=32m -XX:ReservedCodeCacheSize=32m -Xss512k -XX:ParallelGCThreads=1
TLC2 Version 2.19 of 08 August 2024 (rev: 5a47802)
Running breadth-first search Model-Checking with fp 15 and seed 1 with 1 worker on 4 cores with 228MB heap and 64MB offheap memory [pid: 28074] (Linux 6.18.39+rpt-rpi-v8 aarch64, Debian 21.0.10 x86_64, MSBDiskFPSet, DiskStateQueue).
Parsing file /home/nathan/Documents/coding/Pal/docs/reviews/state_machine_20261009/wide/tlc-fresh/core-ShutdownDependenciesUnsafe/ShutdownDependencies.tla
Parsing file /tmp/Naturals.tla
Parsing file /tmp/FiniteSets.tla
Parsing file /tmp/Sequences.tla
Semantic processing of module Naturals
Semantic processing of module Sequences
Semantic processing of module FiniteSets
Semantic processing of module ShutdownDependencies
Starting... (2026-10-09 16:50:38)
Computing initial states...
Finished computing initial states: 1 distinct state generated at 2026-10-09 16:50:39.
Error: Invariant DependenciesAlive is violated.
Error: The behavior up to this point is:
State 1: <Initial predicate>
/\ live = {"dependent", "plugin", "provider", "resident", "database"}
/\ blocked = FALSE
/\ phase = 0

State 2: <Fail line 12, col 9 to line 13, col 36 of module ShutdownDependencies>
/\ live = {"dependent", "plugin", "provider", "resident", "database"}
/\ blocked = TRUE
/\ phase = 0

State 3: <IgnoreFailure line 15, col 18 to line 16, col 54 of module ShutdownDependencies>
/\ live = {"dependent", "plugin", "provider", "resident", "database"}
/\ blocked = FALSE
/\ phase = 1

State 4: <Close line 9, col 10 to line 11, col 29 of module ShutdownDependencies>
/\ live = {"dependent", "provider", "resident", "database"}
/\ blocked = FALSE
/\ phase = 2

12 states generated, 10 distinct states found, 3 states left on queue.
The depth of the complete state graph search is 4.
The average outdegree of the complete state graph is 2 (minimum is 1, the maximum 2 and the 95th percentile is 2).
Finished in 02s at (2026-10-09 16:50:39)
