TLC2 Version 2.19 of 08 August 2024 (rev: 5a47802)
Running breadth-first search Model-Checking with fp 26 and seed -495225547309137149 with 1 worker on 4 cores with 1820MB heap and 64MB offheap memory [pid: 16737] (Linux 6.18.39+rpt-rpi-v8 aarch64, Debian 21.0.10 x86_64, MSBDiskFPSet, DiskStateQueue).
Parsing file /home/nathan/Documents/coding/Pal-projection-v2/docs/llm_projection_refactor/formal/EndpointProjection.tla
Parsing file /tmp/Naturals.tla
Parsing file /tmp/Sequences.tla
Parsing file /tmp/FiniteSets.tla
Parsing file /tmp/TLC.tla
Semantic processing of module Naturals
Semantic processing of module Sequences
Semantic processing of module FiniteSets
Semantic processing of module TLC
Semantic processing of module EndpointProjection
Starting... (2026-09-18 10:05:06)
Computing initial states...
Finished computing initial states: 1 distinct state generated at 2026-09-18 10:05:07.
Model checking completed. No error has been found.
  Estimates of the probability that TLC did not check all reachable states
  because two distinct states had the same fingerprint:
  calculated (optimistic):  val = 9.4E-13
8340 states generated, 3818 distinct states found, 0 states left on queue.
The depth of the complete state graph search is 19.
The average outdegree of the complete state graph is 1 (minimum is 0, the maximum 9 and the 95th percentile is 4).
Finished in 04s at (2026-09-18 10:05:09)
