Running core-a-00
core-a-00 passed 89.3
Running core-a-01
core-a-01 passed 33.59
Running core-a-02
core-a-02 passed 13.06
Running core-a-03
core-a-03 passed 12.54
Running core-a-04
core-a-04 failed 49.64
Running core-a-05
core-a-05 passed 153.43
Running core-a-06
core-a-06 failed 43.11
Running core-a-07
core-a-07 failed 45.62
Running core-a-08
core-a-08 passed 12.54
Running core-a-09
core-a-09 failed 184.94
Running core-a-10
core-a-10 passed 65.78
Running core-a-11
core-a-11 passed 33.61
Running core-a-12
core-a-12 passed 14.54
Running core-a-13
core-a-13 passed 14.54
Running core-a-14
core-a-14 passed 6.53
Running core-b-00
core-b-00 passed 927.22
Running core-b-01
core-b-01 passed 16.09
Running core-b-02
core-b-02 failed 23.59
Running core-b-03
core-b-03 passed 10.04
Running core-b-04
core-b-04 passed 17.58
Running core-b-05
core-b-05 passed 86.37
Running core-b-06
core-b-06 passed 28.12
Running core-b-07
core-b-07 passed 84.86
Running core-b-08
core-b-08 passed 10.04
Running core-b-09
core-b-09 passed 14.56
Running core-b-10
core-b-10 passed 28.61
Running core-b-11
core-b-11 passed 20.08
Running core-b-12
core-b-12 passed 32.63
Running core-b-13
core-b-13 passed 11.05
Running core-b-14
core-b-14 passed 7.54
Running bunshin-a-00
bunshin-a-00 passed 27.61
Running bunshin-a-01
bunshin-a-01 passed 75.78
Running bunshin-a-02
bunshin-a-02 passed 33.14
Running bunshin-a-03
bunshin-a-03 passed 113.98
Running bunshin-a-04
bunshin-a-04 passed 189.68
Running bunshin-a-05
bunshin-a-05 passed 126.51
Running bunshin-a-06
bunshin-a-06 passed 19.08
Running bunshin-a-07
bunshin-a-07 passed 20.1
Running bunshin-b-00
bunshin-b-00 passed 52.71
Running bunshin-b-01
bunshin-b-01 passed 92.84
Running bunshin-b-02
bunshin-b-02 passed 56.72
Running bunshin-b-03
bunshin-b-03 passed 16.08
Running bunshin-b-04
bunshin-b-04 passed 98.9
Running bunshin-b-05
bunshin-b-05 passed 54.18
Running bunshin-b-06
bunshin-b-06 passed 13.56
Running bunshin-b-07
bunshin-b-07 passed 11.05
