...........................................................F............ [ 59%]
.................................................      [100%]
=================================== FAILURES ===================================
________ test_live_common_install_rejects_real_provider_factory_failure ________

self = <pal.packages.integration.RuntimeActivation object at 0x7fa6850440>
kind = 'provider', name = 'example'

    @contextmanager
    def switch_gate(self, kind: str, name: str):
        # Validation belongs before this boundary. Withdraw public entries before
        # waiting for admitted calls; resources remain owned until write admission.
        check_cancelled()
        captured = self.host.withdraw_tool_entries(name) if kind == "plugin" else ()
        entered = False
        try:
            with self.gate():
                entered = True
                try:
>                   yield

src/pal/packages/integration.py:36: 
_ _ _ _ _ _ _ _ _ _ _ _ _ _ _ _ _ _ _ _ _ _ _ _ _ _ _ _ _ _ _ _ _ _ _ _ _ _ _ _ 
src/pal/packages/service.py:257: in _publish
    record["activation"] = self.activation.after(record["kind"], record["id"], state) if self.activation else "pending_rescan"
                           ^^^^^^^^^^^^^^^^^^^^^^^^^^^^^^^^^^^^^^^^^^^^^^^^^^^^^^^^^^
src/pal/packages/integration.py:99: in after
    self._check_provider_scan(manager, name, result)
_ _ _ _ _ _ _ _ _ _ _ _ _ _ _ _ _ _ _ _ _ _ _ _ _ _ _ _ _ _ _ _ _ _ _ _ _ _ _ _ 

manager = ChannelEndpointProviderManager(runtime=ChannelRuntime(user_route_path=None, _last_user_route=None, adapter_registry=Ch...one, discovered_runtime_providers={}, runtime_provider_handles={}, runtime_provider_load_errors=[], shutdown_errors=[])
name = 'example'
result = {'added_provider_ids': [], 'changed_provider_ids': [], 'discovered_endpoint_ids': [], 'endpoint_type_map': {}, ...}

    @staticmethod
    def _check_provider_scan(manager, name: str, result: dict) -> None:
        # The owner returns scan_errors, not errors. Ignore failures belonging
        # to unrelated providers, but include this provider's endpoint failures.
        prefixes = (f"{name}:", *(f"{endpoint}:" for endpoint in manager._provider_hub_ids(name)))
        errors = [error for error in result.get("scan_errors", [])
                  if f"/{name}/" in error or f"/{name}:" in error or error.startswith(prefixes)]
        if errors:
>           raise PackageError(f"Provider discovery failed: {errors}")
E           pal.packages.process.PackageError: Provider discovery failed: ['/tmp/pytest-of-nathan/pytest-10/test_live_common_install_rejec0/runtime/channel/providers/example: Traceback (most recent call last):\n  File "/home/nathan/Documents/coding/Pal/src/pal/channel/provider_manager.py", line 709, in rescan_providers\n    candidate = self._build_runtime_provider_handle(manifest)\n  File "/home/nathan/Documents/coding/Pal/src/pal/channel/provider_manager.py", line 983, in _build_runtime_provider_handle\n    provider = _provider_from_module(module, context=build_context)\n  File "/home/nathan/Documents/coding/Pal/src/pal/channel/provider_manager.py", line 1508, in _provider_from_module\n    raise TypeError("channel provider must expose provider_id and endpoint_types")\nTypeError: channel provider must expose provider_id and endpoint_types']

src/pal/packages/integration.py:125: PackageError

During handling of the above exception, another exception occurred:

tmp_path = PosixPath('/tmp/pytest-of-nathan/pytest-10/test_live_common_install_rejec0')

    def test_live_common_install_rejects_real_provider_factory_failure(tmp_path):
        from contextlib import nullcontext
        from types import SimpleNamespace
        import pytest
        from pal.channel.provider_manager import ChannelEndpointProviderManager
        from pal.channel.repository import ChannelEndpointRepository
        from pal.channel.runtime import ChannelRuntime
        from pal.packages.integration import RuntimeActivation
        from pal.packages.process import PackageError
        from pal.packages.service import PackageService
        runtime = tmp_path / "runtime"
        manager = ChannelEndpointProviderManager(ChannelRuntime(), ChannelEndpointRepository(), runtime)
        host = SimpleNamespace(runtime_root=runtime, context=SimpleNamespace(
            require_port=lambda name: manager,
            execution_runtime=SimpleNamespace(lifecycle_gate=SimpleNamespace(write=nullcontext)),
        ))
        wheel_path = tmp_path / "example.whl"
        # The fixture returns its build context, which is deliberately not a provider.
        _write_provider_wheel(wheel_path)
        service = PackageService(runtime, activation=RuntimeActivation(host))
        with pytest.raises(PackageError, match="Provider discovery failed"):
>           service.install(wheel_path)

tests/test_provider_install.py:171: 
_ _ _ _ _ _ _ _ _ _ _ _ _ _ _ _ _ _ _ _ _ _ _ _ _ _ _ _ _ _ _ _ _ _ _ _ _ _ _ _ 
src/pal/packages/service.py:71: in install
    return self._legacy_provider(path)
           ^^^^^^^^^^^^^^^^^^^^^^^^^^^
src/pal/packages/service.py:341: in _legacy_provider
    self._publish(source, self.runtime_root / "channel/providers" / wheel.provider_id, record)
src/pal/packages/service.py:243: in _publish
    with gate:
         ^^^^
/usr/lib/python3.13/contextlib.py:162: in __exit__
    self.gen.throw(value)
_ _ _ _ _ _ _ _ _ _ _ _ _ _ _ _ _ _ _ _ _ _ _ _ _ _ _ _ _ _ _ _ _ _ _ _ _ _ _ _ 

self = <pal.packages.integration.RuntimeActivation object at 0x7fa6850440>
kind = 'provider', name = 'example'

    @contextmanager
    def switch_gate(self, kind: str, name: str):
        # Validation belongs before this boundary. Withdraw public entries before
        # waiting for admitted calls; resources remain owned until write admission.
        check_cancelled()
        captured = self.host.withdraw_tool_entries(name) if kind == "plugin" else ()
        entered = False
        try:
            with self.gate():
                entered = True
                try:
                    yield
                finally:
                    # Untouched owners get fresh authority. Cleanup failures
                    # deliberately remain withdrawn and owned for retry.
>                   self.host.restore_tool_entries(captured)
                    ^^^^^^^^^^^^^^^^^^^^^^^^^^^^^^
E                   AttributeError: 'types.SimpleNamespace' object has no attribute 'restore_tool_entries'

src/pal/packages/integration.py:40: AttributeError
=============================== warnings summary ===============================
../../../.local/lib/python3.13/site-packages/jieba/_compat.py:18
  /home/nathan/.local/lib/python3.13/site-packages/jieba/_compat.py:18: DeprecationWarning: pkg_resources is deprecated as an API. See https://setuptools.pypa.io/en/latest/pkg_resources.html
    import pkg_resources

../../../../../usr/lib/python3/dist-packages/pkg_resources/__init__.py:3147
  /usr/lib/python3/dist-packages/pkg_resources/__init__.py:3147: DeprecationWarning: Deprecated call to `pkg_resources.declare_namespace('logilab')`.
  Implementing implicit namespace packages (as specified in PEP 420) is preferred to `pkg_resources.declare_namespace`. See https://setuptools.pypa.io/en/latest/references/keywords.html#keyword-namespace-packages
    declare_namespace(pkg)

-- Docs: https://docs.pytest.org/en/stable/how-to/capture-warnings.html
=========================== short test summary info ============================
FAILED tests/test_provider_install.py::test_live_common_install_rejects_real_provider_factory_failure
1 failed, 120 passed, 2 warnings, 18 subtests passed in 181.73s (0:03:01)
