........................................................................ [ 92%]
....F.                                                                   [100%]
=================================== FAILURES ===================================
________ test_pending_plugin_task_keeps_its_resource_alive_until_joined ________

    def test_pending_plugin_task_keeps_its_resource_alive_until_joined():
        from types import SimpleNamespace
        from pal.plugins.lifecycle import PluginScope
        async def scenario():
            scope = PluginScope(SimpleNamespace(), "task-owner")
            events = []
            ready, finishing, release = asyncio.Event(), asyncio.Event(), asyncio.Event()
            scope.defer(lambda: events.append("resource_closed"))
            async def work():
                ready.set()
                try:
                    await asyncio.Event().wait()
                except asyncio.CancelledError:
                    finishing.set()
                    await release.wait()
                    events.append("task_finished")
            task = scope.track_task(asyncio.create_task(work()))
            await ready.wait()
            assert scope.close()
            await finishing.wait()
            assert not events
            assert scope.close()
            assert not events
            release.set()
            await task
            assert not scope.close()
            assert events == ["task_finished", "resource_closed"]
            assert not scope.cleanups
>       asyncio.run(scenario())

tests/test_plugin_publication_rollback.py:407: 
_ _ _ _ _ _ _ _ _ _ _ _ _ _ _ _ _ _ _ _ _ _ _ _ _ _ _ _ _ _ _ _ _ _ _ _ _ _ _ _ 
/usr/lib/python3.13/asyncio/runners.py:195: in run
    return runner.run(main)
           ^^^^^^^^^^^^^^^^
/usr/lib/python3.13/asyncio/runners.py:118: in run
    return self._loop.run_until_complete(task)
           ^^^^^^^^^^^^^^^^^^^^^^^^^^^^^^^^^^^
/usr/lib/python3.13/asyncio/base_events.py:725: in run_until_complete
    return future.result()
           ^^^^^^^^^^^^^^^
tests/test_plugin_publication_rollback.py:383: in scenario
    scope = PluginScope(SimpleNamespace(), "task-owner")
            ^^^^^^^^^^^^^^^^^^^^^^^^^^^^^^^^^^^^^^^^^^^^
<string>:9: in __init__
    ???
src/pal/plugins/lifecycle.py:328: in __post_init__
    self.context = StagedMainContext(self.core_context, self)
                   ^^^^^^^^^^^^^^^^^^^^^^^^^^^^^^^^^^^^^^^^^^
_ _ _ _ _ _ _ _ _ _ _ _ _ _ _ _ _ _ _ _ _ _ _ _ _ _ _ _ _ _ _ _ _ _ _ _ _ _ _ _ 

self = <pal.plugins.lifecycle.StagedMainContext object at 0x7f9ff59e20>
real = namespace()
scope = PluginScope(core_context=namespace(), plugin_id='task-owner', cleanups=[], handle=None, published=False)

    def __init__(self, real: MainContext, scope: "PluginScope") -> None:
        self._real = real
        self._scope = scope
>       self.module_registry = _StagedModuleRegistry(real.module_registry, scope)
                                                     ^^^^^^^^^^^^^^^^^^^^
E       AttributeError: 'types.SimpleNamespace' object has no attribute 'module_registry'

src/pal/plugins/lifecycle.py:267: AttributeError
=============================== warnings summary ===============================
../../../.local/lib/python3.13/site-packages/jieba/_compat.py:18
  /home/nathan/.local/lib/python3.13/site-packages/jieba/_compat.py:18: DeprecationWarning: pkg_resources is deprecated as an API. See https://setuptools.pypa.io/en/latest/pkg_resources.html
    import pkg_resources

../../../../../usr/lib/python3/dist-packages/pkg_resources/__init__.py:3147
  /usr/lib/python3/dist-packages/pkg_resources/__init__.py:3147: DeprecationWarning: Deprecated call to `pkg_resources.declare_namespace('logilab')`.
  Implementing implicit namespace packages (as specified in PEP 420) is preferred to `pkg_resources.declare_namespace`. See https://setuptools.pypa.io/en/latest/references/keywords.html#keyword-namespace-packages
    declare_namespace(pkg)

-- Docs: https://docs.pytest.org/en/stable/how-to/capture-warnings.html
=========================== short test summary info ============================
FAILED tests/test_plugin_publication_rollback.py::test_pending_plugin_task_keeps_its_resource_alive_until_joined
1 failed, 77 passed, 2 warnings in 42.80s
