........................................................................ [ 82%]
...............                                                          [100%]
=============================== warnings summary ===============================
../../../.local/lib/python3.13/site-packages/jieba/_compat.py:18
  /home/nathan/.local/lib/python3.13/site-packages/jieba/_compat.py:18: DeprecationWarning: pkg_resources is deprecated as an API. See https://setuptools.pypa.io/en/latest/pkg_resources.html
    import pkg_resources

../../../../../usr/lib/python3/dist-packages/pkg_resources/__init__.py:3147
  /usr/lib/python3/dist-packages/pkg_resources/__init__.py:3147: DeprecationWarning: Deprecated call to `pkg_resources.declare_namespace('logilab')`.
  Implementing implicit namespace packages (as specified in PEP 420) is preferred to `pkg_resources.declare_namespace`. See https://setuptools.pypa.io/en/latest/references/keywords.html#keyword-namespace-packages
    declare_namespace(pkg)

tests/test_dreaming_settings.py::test_disable_pending_automatic_and_reenable_future_schedule
tests/test_dreaming_settings.py::test_disable_pending_automatic_and_reenable_future_schedule
tests/test_dreaming_settings.py::test_disable_pending_automatic_and_reenable_future_schedule
tests/test_dreaming_settings.py::test_sleep_control_preserves_raw_json_and_avoids_llm
tests/test_dreaming_settings.py::test_sleep_control_preserves_raw_json_and_avoids_llm
tests/test_dreaming_settings.py::test_sleep_control_preserves_raw_json_and_avoids_llm
tests/test_dreaming_settings.py::test_stale_scheduled_event_does_not_restart_after_disable
tests/test_dreaming_settings.py::test_stale_scheduled_event_does_not_restart_after_disable
tests/test_dreaming_settings.py::test_stale_scheduled_event_does_not_restart_after_disable
  /home/nathan/.local/lib/python3.13/site-packages/croniter/croniter.py:230: DeprecationWarning: datetime.datetime.utcfromtimestamp() is deprecated and scheduled for removal in a future version. Use timezone-aware objects to represent datetimes in UTC: datetime.datetime.fromtimestamp(timestamp, datetime.UTC).
    result = datetime.datetime.utcfromtimestamp(timestamp)

-- Docs: https://docs.pytest.org/en/stable/how-to/capture-warnings.html
87 passed, 11 warnings in 9.59s
