........................................................................ [ 66%]
................F...................                                     [100%]
=================================== FAILURES ===================================
______________________ test_no_unreviewed_dynamic_access _______________________

    def test_no_unreviewed_dynamic_access():
        baseline = json.loads(BASELINE.read_text())
        allowed = Counter({key: entry["count"] for key, entry in baseline.items()})
        unexpected = inventory() - allowed
>       assert not unexpected, "Declare the communication contract instead of probing it:\n" + "\n".join(unexpected)
E       AssertionError: Declare the communication contract instead of probing it:
E         src/pal/channel/runtime.py:ChannelRuntime._replace_endpoint_once:getattr(endpoint, 'stop_async', None)
E         src/pal/channel/runtime.py:ChannelRuntime._replace_endpoint_impl:getattr(endpoint, 'prepare_replacement', None)
E         src/pal/channel/runtime.py:ChannelRuntime._replace_endpoint_impl:getattr(old_endpoint, 'stop_async', None)
E         src/pal/channel/runtime.py:ChannelRuntime._replace_endpoint_impl:getattr(old_endpoint, 'quiesce_delivery_async', None)
E         src/pal/channel/runtime.py:ChannelRuntime._replace_endpoint_impl:getattr(endpoint, 'start_async', None)
E         src/pal/channel/runtime.py:ChannelRuntime._replace_endpoint_impl:getattr(endpoint, 'validate_replacement_startup', None)
E         src/pal/channel/runtime.py:ChannelRuntime._replace_endpoint_impl:getattr(endpoint, 'stop_async', None)
E         src/pal/channel/runtime.py:ChannelRuntime._replace_endpoint_impl:getattr(old_endpoint, 'start_async', None)
E         src/pal/channel/runtime.py:ChannelRuntime._remove_endpoint_once:getattr(endpoint, 'stop_async', None)
E         src/pal/channel/runtime.py:ChannelRuntime._remove_endpoint_once:getattr(endpoint, 'quiesce_delivery_async', None)
E       assert not Counter({"src/pal/channel/runtime.py:ChannelRuntime._replace_endpoint_once:getattr(endpoint, 'stop_async', None)": 1, ...src/pal/channel/runtime.py:ChannelRuntime._remove_endpoint_once:getattr(endpoint, 'quiesce_delivery_async', None)": 1})

tests/test_dynamic_access.py:46: AssertionError
=============================== warnings summary ===============================
../../../.local/lib/python3.13/site-packages/jieba/_compat.py:18
  /home/nathan/.local/lib/python3.13/site-packages/jieba/_compat.py:18: DeprecationWarning: pkg_resources is deprecated as an API. See https://setuptools.pypa.io/en/latest/pkg_resources.html
    import pkg_resources

../../../../../usr/lib/python3/dist-packages/pkg_resources/__init__.py:3147
  /usr/lib/python3/dist-packages/pkg_resources/__init__.py:3147: DeprecationWarning: Deprecated call to `pkg_resources.declare_namespace('logilab')`.
  Implementing implicit namespace packages (as specified in PEP 420) is preferred to `pkg_resources.declare_namespace`. See https://setuptools.pypa.io/en/latest/references/keywords.html#keyword-namespace-packages
    declare_namespace(pkg)

-- Docs: https://docs.pytest.org/en/stable/how-to/capture-warnings.html
=========================== short test summary info ============================
FAILED tests/test_dynamic_access.py::test_no_unreviewed_dynamic_access - Asse...
1 failed, 107 passed, 2 warnings in 20.64s
